// Jest Snapshot v1, https://goo.gl/fbAQLP

exports[`ForgotPassword view snapshot renders 1`] = `
<div
  className="main-content-container px-4 h-100 container-fluid"
>
  <div
    className="h-100 no-gutters row"
  >
    <div
      className="mx-auto login col"
    >
      <div
        className="card card-small"
      >
        <div
          className="px-4 card-body"
        >
          <h5
            className="login__titulo text-center mt-5 mb-4"
          >
            Recupera tu contraseña
          </h5>
          <form
            className=""
            noValidate={true}
            onSubmit={[Function]}
          >
            <div
              className="form-group"
            >
              <label
                htmlFor="email"
              >
                Email
              </label>
              <input
                autoComplete="email"
                className="form-control"
                id="email"
                onChange={[Function]}
                placeholder="Dirección de correo"
                type="email"
              />
              <div
                className="px-2"
              >
                <small>
                  Recibirás un email con las instrucciones para recuperar tu contraseña.
                </small>
              </div>
            </div>
            <button
              className="d-table mx-auto mb-4 btn btn-accent"
              onClick={[Function]}
              type="submit"
            >
              Recuperar contraseña
            </button>
            <div
              className="form-group"
            />
          </form>
        </div>
      </div>
      <div
        className="px-2 pt-3 login__center_links"
      >
        <a
          href="/signin"
          onClick={[Function]}
        >
          Volver al login
        </a>
      </div>
    </div>
  </div>
</div>
`;
