// Jest Snapshot v1, https://goo.gl/fbAQLP

exports[`HeatMap component snapshot renders 1`] = `
<div
  className="main-content-container px-4 container-fluid"
>
  <div
    className="page-header py-4 no-gutters row"
  >
    <div
      className="mb-3 col-sm-12 text-center text-lg-left mb-sm-0 col-12 col-sm-4"
    >
      <span
        className="text-uppercase page-subtitle"
      >
        Mapa
      </span>
      <h3
        className="page-title"
      >
        Histórico
      </h3>
    </div>
    <div
      className="col"
    />
  </div>
  <div
    className="row"
  >
    <div
      className="col"
    >
      <div
        className="mb-4 card card-small"
      >
        <div
          className="card-header"
        >
          <form
            className=""
          >
            <div
              className="row"
            >
              <div
                className="col-12 col-lg-5 mb-1 col"
              >
                <select
                  className="form-control custom-select"
                  defaultValue="default"
                  id="feInputState"
                  onChange={[Function]}
                >
                  <option
                    disabled={true}
                    value="default"
                  >
                    Elija un vehículo...
                  </option>
                </select>
              </div>
              <div
                className="col-12 col-lg-4 d-flex mb-1 col"
                style={
                  Object {
                    "maxHeight": "35px",
                  }
                }
              >
                <div
                  className="react-datepicker-wrapper"
                >
                  <div
                    className="react-datepicker__input-container"
                  >
                    <input
                      className="form-control"
                      disabled={true}
                      onBlur={[Function]}
                      onChange={[Function]}
                      onClick={[Function]}
                      onFocus={[Function]}
                      onKeyDown={[Function]}
                      placeholder="Desde"
                      readOnly={false}
                      type="text"
                      value="09/07/2020"
                    />
                  </div>
                </div>
                <div
                  className="react-datepicker-wrapper"
                >
                  <div
                    className="react-datepicker__input-container"
                  >
                    <input
                      className="form-control"
                      disabled={true}
                      onBlur={[Function]}
                      onChange={[Function]}
                      onClick={[Function]}
                      onFocus={[Function]}
                      onKeyDown={[Function]}
                      placeholder="Hasta"
                      readOnly={false}
                      type="text"
                      value="09/08/2020"
                    />
                  </div>
                </div>
                <span
                  className="input-group-text"
                  style={
                    Object {
                      "fontSize": "1rem!important",
                    }
                  }
                >
                  <i
                    className="material-icons"
                  >
                    
                  </i>
                </span>
              </div>
              <div
                className="col-12 col-lg-2 col"
              >
                <button
                  className="update-btn btn btn-accent btn-block"
                  disabled={true}
                  onClick={[Function]}
                  type="button"
                >
                  Actualizar
                </button>
              </div>
            </div>
          </form>
        </div>
        <div
          className="card-body"
        >
          <div
            style={
              Object {
                "height": "100%",
              }
            }
          />
        </div>
      </div>
    </div>
  </div>
</div>
`;
