// Jest Snapshot v1, https://goo.gl/fbAQLP

exports[`Home component snapshot renders 1`] = `
<div
  className="main-content-container px-4 container-fluid"
>
  <div
    className="page-header py-4 no-gutters row"
  >
    <div
      className="mb-3 col-sm-12 text-center text-lg-left mb-sm-0 col-12 col-sm-4"
    >
      <span
        className="text-uppercase page-subtitle"
      >
        Mapa
      </span>
      <h3
        className="page-title"
      >
        Ubicación actual
      </h3>
    </div>
    <div
      className="col"
    />
  </div>
  <div
    className="row"
  >
    <div
      className="col"
    >
      <div
        className="mb-4 card card-small"
      >
        <div
          className="card-header"
        >
          <form
            className="add-new-post"
          >
            <select
              className="form-control custom-select"
              defaultValue="default"
              id="feInputState"
              onChange={[Function]}
            >
              <option
                disabled={true}
                value="default"
              >
                Elija un vehículo...
              </option>
            </select>
          </form>
        </div>
        <div
          className="card-body"
        >
          <div
            style={
              Object {
                "height": "100%",
              }
            }
          />
        </div>
      </div>
    </div>
  </div>
</div>
`;
