// Jest Snapshot v1, https://goo.gl/fbAQLP

exports[`Home component snapshot renders 1`] = `
<div
  className="main-content-container px-4 container-fluid"
>
  <div
    className="page-header py-4 no-gutters row"
  >
    <div
      className="text-sm-left mb-3 col-sm-12 text-center text-md-left mb-sm-0 col-12 col-sm-4"
    >
      <span
        className="text-uppercase page-subtitle"
      >
        Clientes
      </span>
      <h3
        className="page-title"
      >
        Registrar
      </h3>
    </div>
  </div>
  <div
    className="h-100 py-4 no-gutters row"
  >
    <div
      className="mx-auto register col"
    >
      <div
        className="card card-small"
      >
        <div
          className="px-4 card-body"
        >
          <form
            className=""
            noValidate={true}
            onSubmit={[Function]}
          >
            <div
              className="py-4 mb-2 form-group"
            >
              <div
                className="form-row"
              >
                <div
                  className="form-group col-md-6"
                >
                  <label
                    htmlFor="name"
                  >
                    Nombre
                  </label>
                  <input
                    className="form-control"
                    id="name"
                    onChange={[Function]}
                    placeholder="Nombre"
                  />
                  <div
                    className="invalid-feedback"
                  >
                    Campo requerido
                  </div>
                </div>
                <div
                  className="form-group col-md-6"
                >
                  <label
                    htmlFor="lastname"
                  >
                    Apellido
                  </label>
                  <input
                    className="form-control"
                    id="lastname"
                    onChange={[Function]}
                    placeholder="Apellido"
                  />
                  <div
                    className="invalid-feedback"
                  >
                    Campo requerido
                  </div>
                </div>
              </div>
              <div
                className="form-row"
              >
                <div
                  className="form-group col-md-6"
                >
                  <label
                    htmlFor="dni"
                  >
                    DNI
                  </label>
                  <input
                    className="form-control"
                    id="dni"
                    onChange={[Function]}
                    placeholder="DNI"
                  />
                  <div
                    className="invalid-feedback"
                  >
                    Campo requerido
                  </div>
                </div>
                <div
                  className="form-group col-md-6"
                >
                  <label
                    htmlFor="tel"
                  >
                    Teléfono
                  </label>
                  <input
                    className="form-control"
                    id="tel"
                    onChange={[Function]}
                    placeholder="Teléfono"
                    type="tel"
                  />
                </div>
              </div>
              <div
                className="form-row"
              >
                <div
                  className="form-group col-md-8"
                >
                  <label
                    htmlFor="email"
                  >
                    Email
                  </label>
                  <input
                    autoComplete="email"
                    className="form-control"
                    id="email"
                    onChange={[Function]}
                    placeholder="Dirección de correo"
                    type="email"
                  />
                </div>
                <div
                  className="form-group col"
                >
                  <label
                    htmlFor="role"
                  >
                    Rol
                  </label>
                  <select
                    className="form-control custom-select"
                    id="role"
                    onChange={[Function]}
                    placeholder="Rol"
                  />
                </div>
              </div>
              <div
                className="form-row"
              >
                <div
                  className="col-md-9"
                >
                  <label
                    htmlFor="address"
                  >
                    Dirección
                  </label>
                  <input
                    className="form-control"
                    id="address"
                    onChange={[Function]}
                    placeholder="Dirección"
                  />
                </div>
                <div
                  className="col-md-3"
                >
                  <label
                    htmlFor="zipcode"
                  >
                    CP
                  </label>
                  <input
                    className="form-control"
                    id="zipcode"
                    onChange={[Function]}
                    placeholder="CP"
                  />
                </div>
              </div>
            </div>
            <div
              className="mb-0 form-group"
            >
              <button
                className="d-table ml-auto btn btn-accent btn-100px"
                onClick={[Function]}
                type="submit"
              >
                Registrar nuevo cliente
              </button>
            </div>
          </form>
        </div>
      </div>
    </div>
  </div>
</div>
`;

exports[`NewClient component snapshot renders 1`] = `
<div
  className="main-content-container px-4 container-fluid"
>
  <div
    className="page-header py-4 no-gutters row"
  >
    <div
      className="text-sm-left mb-3 col-sm-12 text-center text-md-left mb-sm-0 col-12 col-sm-4"
    >
      <span
        className="text-uppercase page-subtitle"
      >
        Clientes
      </span>
      <h3
        className="page-title"
      >
        Registrar
      </h3>
    </div>
  </div>
  <div
    className="h-100 py-4 no-gutters row"
  >
    <div
      className="mx-auto register col"
    >
      <div
        className="card card-small"
      >
        <div
          className="px-4 card-body"
        >
          <form
            className=""
            noValidate={true}
            onSubmit={[Function]}
          >
            <div
              className="py-4 mb-2 form-group"
            >
              <div
                className="form-row"
              >
                <div
                  className="form-group col-md-6"
                >
                  <label
                    htmlFor="name"
                  >
                    Nombre
                  </label>
                  <input
                    className="form-control"
                    id="name"
                    onChange={[Function]}
                    placeholder="Nombre"
                  />
                  <div
                    className="invalid-feedback"
                  >
                    Campo requerido
                  </div>
                </div>
                <div
                  className="form-group col-md-6"
                >
                  <label
                    htmlFor="lastname"
                  >
                    Apellido
                  </label>
                  <input
                    className="form-control"
                    id="lastname"
                    onChange={[Function]}
                    placeholder="Apellido"
                  />
                  <div
                    className="invalid-feedback"
                  >
                    Campo requerido
                  </div>
                </div>
              </div>
              <div
                className="form-row"
              >
                <div
                  className="form-group col-md-6"
                >
                  <label
                    htmlFor="dni"
                  >
                    DNI
                  </label>
                  <input
                    className="form-control"
                    id="dni"
                    onChange={[Function]}
                    placeholder="DNI"
                  />
                  <div
                    className="invalid-feedback"
                  >
                    Campo requerido
                  </div>
                </div>
                <div
                  className="form-group col-md-6"
                >
                  <label
                    htmlFor="tel"
                  >
                    Teléfono
                  </label>
                  <input
                    className="form-control"
                    id="tel"
                    onChange={[Function]}
                    placeholder="Teléfono"
                    type="tel"
                  />
                </div>
              </div>
              <div
                className="form-row"
              >
                <div
                  className="form-group col-md-8"
                >
                  <label
                    htmlFor="email"
                  >
                    Email
                  </label>
                  <input
                    autoComplete="email"
                    className="form-control"
                    id="email"
                    onChange={[Function]}
                    placeholder="Dirección de correo"
                    type="email"
                  />
                </div>
                <div
                  className="form-group col"
                >
                  <label
                    htmlFor="role"
                  >
                    Rol
                  </label>
                  <select
                    className="form-control custom-select"
                    id="role"
                    onChange={[Function]}
                    placeholder="Rol"
                  />
                </div>
              </div>
              <div
                className="form-row"
              >
                <div
                  className="col-md-9"
                >
                  <label
                    htmlFor="address"
                  >
                    Dirección
                  </label>
                  <input
                    className="form-control"
                    id="address"
                    onChange={[Function]}
                    placeholder="Dirección"
                  />
                </div>
                <div
                  className="col-md-3"
                >
                  <label
                    htmlFor="zipcode"
                  >
                    CP
                  </label>
                  <input
                    className="form-control"
                    id="zipcode"
                    onChange={[Function]}
                    placeholder="CP"
                  />
                </div>
              </div>
            </div>
            <div
              className="mb-0 form-group"
            >
              <button
                className="d-table ml-auto btn btn-accent btn-100px"
                onClick={[Function]}
                type="submit"
              >
                Registrar nuevo cliente
              </button>
            </div>
          </form>
        </div>
      </div>
    </div>
  </div>
</div>
`;
